// Jest Snapshot v1, https://goo.gl/fbAQLP

exports[`With React Testing Library Snapshot Should match Snapshot 1`] = `
<DocumentFragment>
  <div>
    <p
      class="pages__HelloWorld-sc-1a2pf1s-0 eyhxRI"
    >
      Hello World!
    </p>
    <ul>
      <li>
        <a
          href="posturl1"
        >
          1. title 1
        </a>
      </li>
      <li>
        <a
          href="posturl2"
        >
          2. title 2
        </a>
      </li>
    </ul>
  </div>
</DocumentFragment>
`;
